 03-Nov-25 05:16:58  INFO  LOGFILE CREATED : vidivi.log 
 03-Nov-25 05:16:58  INFO   
 03-Nov-25 05:16:58  INFO  ******************** Check Images List ************************************************************************************ 
 03-Nov-25 05:16:58  INFO   
 03-Nov-25 05:16:58  INFO  IMAGES= [['mosipdev/apitest-inji-verify:release-0.15.x', '0.15.0'], ['mosipdev/inji-verify-ui:release-0.15.x', '0.15.0'], ['mosipdev/inji-verify-service:release-0.15.x', '0.15.0'], ['mosipdev/uitest-verify:release-0.15.x', '0.15.0'], ['mosipdev/inji-web@sha256:db84a3e563423125c4d92d72ebeb3f1b5d823393b4aea41aa90c5373aa91286e', 'develop'], ['library/postgres:18', '18']] 
 03-Nov-25 05:16:58  INFO   
 03-Nov-25 05:16:58  INFO  ******************** Check existence of Source Images ******************************************************************* 
 03-Nov-25 05:16:58  INFO   
 03-Nov-25 05:16:58  INFO  src = "mosipdev/apitest-inji-verify" tag = "release-0.15.x" 
 03-Nov-25 05:16:58  DEBUG  Starting new HTTPS connection (1): auth.docker.io:443 
 03-Nov-25 05:16:59  DEBUG  https://auth.docker.io:443 "GET /token?service=registry.docker.io&scope=repository:mosipdev/apitest-inji-verify:pull HTTP/1.1" 200 None 
 03-Nov-25 05:16:59  DEBUG  Starting new HTTPS connection (1): registry.hub.docker.com:443 
 03-Nov-25 05:16:59  DEBUG  https://registry.hub.docker.com:443 "GET /v2/repositories/mosipdev/apitest-inji-verify/tags/release-0.15.x HTTP/1.1" 200 None 
 03-Nov-25 05:16:59  INFO   
 03-Nov-25 05:16:59  INFO  src = "mosipdev/inji-verify-ui" tag = "release-0.15.x" 
 03-Nov-25 05:16:59  DEBUG  Starting new HTTPS connection (1): auth.docker.io:443 
 03-Nov-25 05:16:59  DEBUG  https://auth.docker.io:443 "GET /token?service=registry.docker.io&scope=repository:mosipdev/inji-verify-ui:pull HTTP/1.1" 200 None 
 03-Nov-25 05:16:59  DEBUG  Starting new HTTPS connection (1): registry.hub.docker.com:443 
 03-Nov-25 05:16:59  DEBUG  https://registry.hub.docker.com:443 "GET /v2/repositories/mosipdev/inji-verify-ui/tags/release-0.15.x HTTP/1.1" 200 826 
 03-Nov-25 05:16:59  INFO   
 03-Nov-25 05:16:59  INFO  src = "mosipdev/inji-verify-service" tag = "release-0.15.x" 
 03-Nov-25 05:16:59  DEBUG  Starting new HTTPS connection (1): auth.docker.io:443 
 03-Nov-25 05:17:00  DEBUG  https://auth.docker.io:443 "GET /token?service=registry.docker.io&scope=repository:mosipdev/inji-verify-service:pull HTTP/1.1" 200 None 
 03-Nov-25 05:17:00  DEBUG  Starting new HTTPS connection (1): registry.hub.docker.com:443 
 03-Nov-25 05:17:00  DEBUG  https://registry.hub.docker.com:443 "GET /v2/repositories/mosipdev/inji-verify-service/tags/release-0.15.x HTTP/1.1" 200 None 
 03-Nov-25 05:17:00  INFO   
 03-Nov-25 05:17:00  INFO  src = "mosipdev/uitest-verify" tag = "release-0.15.x" 
 03-Nov-25 05:17:00  DEBUG  Starting new HTTPS connection (1): auth.docker.io:443 
 03-Nov-25 05:17:00  DEBUG  https://auth.docker.io:443 "GET /token?service=registry.docker.io&scope=repository:mosipdev/uitest-verify:pull HTTP/1.1" 200 None 
 03-Nov-25 05:17:00  DEBUG  Starting new HTTPS connection (1): registry.hub.docker.com:443 
 03-Nov-25 05:17:01  DEBUG  https://registry.hub.docker.com:443 "GET /v2/repositories/mosipdev/uitest-verify/tags/release-0.15.x HTTP/1.1" 200 None 
 03-Nov-25 05:17:01  INFO   
 03-Nov-25 05:17:01  INFO  src = "mosipdev/inji-web" digest = "sha256:db84a3e563423125c4d92d72ebeb3f1b5d823393b4aea41aa90c5373aa91286e" 
 03-Nov-25 05:17:01  DEBUG  Starting new HTTPS connection (1): auth.docker.io:443 
 03-Nov-25 05:17:01  DEBUG  https://auth.docker.io:443 "GET /token?service=registry.docker.io&scope=repository:mosipdev/inji-web:pull HTTP/1.1" 200 None 
 03-Nov-25 05:17:01  DEBUG  Starting new HTTPS connection (1): registry.hub.docker.com:443 
 03-Nov-25 05:17:01  DEBUG  https://registry.hub.docker.com:443 "GET /v2/repositories/mosipdev/inji-web/tags/db84a3e563423125c4d92d72ebeb3f1b5d823393b4aea41aa90c5373aa91286e HTTP/1.1" 404 242 
 03-Nov-25 05:17:01  ERROR  Image "mosipdev/inji-web:db84a3e563423125c4d92d72ebeb3f1b5d823393b4aea41aa90c5373aa91286e" does not exist 
 03-Nov-25 05:17:01  INFO   
 03-Nov-25 05:17:01  INFO  src = "library/postgres" tag = "18" 
 03-Nov-25 05:17:01  DEBUG  Starting new HTTPS connection (1): auth.docker.io:443 
 03-Nov-25 05:17:01  DEBUG  https://auth.docker.io:443 "GET /token?service=registry.docker.io&scope=repository:library/postgres:pull HTTP/1.1" 200 None 
 03-Nov-25 05:17:01  DEBUG  Starting new HTTPS connection (1): registry.hub.docker.com:443 
 03-Nov-25 05:17:02  DEBUG  https://registry.hub.docker.com:443 "GET /v2/repositories/library/postgres/tags/18 HTTP/1.1" 200 None 
 03-Nov-25 05:17:02  INFO   
 03-Nov-25 05:17:02  ERROR  Below Source Images doesn't exists; EXITING;
	[['mosipdev/inji-web@sha256:db84a3e563423125c4d92d72ebeb3f1b5d823393b4aea41aa90c5373aa91286e']] 
